// Jest Snapshot v1, https://goo.gl/fbAQLP

exports[`renders correctly 1`] = `
<View>
  <Text
    accessible={true}
    allowFontScaling={true}
    ellipsizeMode="tail"
    style={
      Array [
        Object {
          "color": "#222",
          "fontSize": 18,
          "fontWeight": "normal",
          "lineHeight": 40,
          "textAlign": "left",
          "textDecorationLine": "none",
        },
        undefined,
      ]
    }
  >
    Syötä puhelinnumerosi
  </Text>
  <TextInput
    allowFontScaling={true}
    defaultValue=""
    keyboardType="phone-pad"
    onChangeText={[Function]}
    returnKeyLabel="Jatka"
    returnKeyType="go"
    style={
      Array [
        Object {
          "backgroundColor": "#fff",
          "fontSize": 18,
          "height": 40,
          "textAlign": "center",
          "width": 300,
        },
        Object {
          "width": 300,
        },
      ]
    }
  />
  <View
    accessibilityComponentType="button"
    accessibilityLabel={undefined}
    accessibilityTraits={
      Array [
        "button",
      ]
    }
    accessible={true}
    collapsable={undefined}
    hitSlop={undefined}
    isTVSelectable={true}
    nativeID={undefined}
    onLayout={undefined}
    onResponderGrant={[Function]}
    onResponderMove={[Function]}
    onResponderRelease={[Function]}
    onResponderTerminate={[Function]}
    onResponderTerminationRequest={[Function]}
    onStartShouldSetResponder={[Function]}
    style={
      Object {
        "opacity": 1,
      }
    }
    testID={undefined}
    tvParallaxProperties={undefined}
  >
    <View
      style={
        Array [
          Object {},
        ]
      }
    >
      <Text
        accessible={true}
        allowFontScaling={true}
        disabled={undefined}
        ellipsizeMode="tail"
        style={
          Array [
            Object {
              "color": "#007AFF",
              "fontSize": 18,
              "padding": 8,
              "textAlign": "center",
            },
            Object {
              "color": "#036cc7",
            },
          ]
        }
      >
        Pyydä koodi
      </Text>
    </View>
  </View>
</View>
`;
